// Jest Snapshot v1, https://goo.gl/fbAQLP

exports[`Catalog renders 1`] = `null`;
