// Jest Snapshot v1, https://goo.gl/fbAQLP

exports[`Catalog renders 1`] = `
<div
  class="sc-AykKG bQsbtM"
>
  <div
    style="font-size: 20px; font-weight: bold; margin-bottom: 10px;"
  />
  <div
    class="sc-AykKD bULVsK"
  >
    <div
      class="sc-AykKE fNTgGa"
    />
    <div
      class="sc-AykKF fMQbQa"
    />
  </div>
  <div
    style="width: 80%; height: 3%; margin: 2% auto;"
  />
  <div
    style="width: 80%; height: 3%; margin: 2% auto;"
  />
  <div
    style="width: 90%; height: 4.5%; margin: 2% auto; border-radius: 20px;"
  />
  <div
    style="width: 90%; height: 4.5%; margin: 2% auto; border-radius: 20px;"
  />
  <div
    style="width: 80%; height: 8%; margin: 2% auto; border-radius: 15px;"
  />
  <div
    style="width: 80%; height: 8%; margin: 2% auto; border-radius: 15px;"
  />
  <div
    style="width: 85%; height: 7%; margin: 2% auto; border-radius: 20px;"
  />
  <div
    style="width: 85%; height: 7%; margin: 2% auto; border-radius: 20px;"
  />
  <div
    class="sc-AykKC hTTtHC"
  />
</div>
`;
